X	QSCA	QEXT	QABS	ALBED	ASYM	QPR	QBAK
99.99999999652212	2.0943873440092626	2.094387344009263	4.440892098500626e-16	0.9999999999999998	0.8182465428959654	0.3806621402886208	1.7362247561418533
